// Jest Snapshot v1, https://goo.gl/fbAQLP

exports[`Render SignIn component 1`] = `
<article
  className="br3 ba b--black-10 mv4 w-100 w-50-m w-25-l mw6 shadow-5 center"
>
  <main
    className="pa4 black-80"
  >
    <div
      className="measure"
    >
      <form>
        <fieldset
          className="ba b--transparent ph0 mh0"
          id="sign_up"
        >
          <legend
            className="f1 fw6 ph0 mh0"
          >
            Sign In
          </legend>
          <div
            className="mt3"
          >
            <label
              className="db fw6 lh-copy f6"
              htmlFor="email-address"
            >
              Email
              <input
                className="pa2 input-reset ba bg-light-gray hover-bg-moon-gray hover-black w-100"
                id="email-address"
                name="email-address"
                onChange={[Function]}
                type="email"
              />
            </label>
          </div>
          <div
            className="mv3"
          >
            <label
              className="db fw6 lh-copy f6"
              htmlFor="password"
            >
              Password
              <input
                className="b pa2 input-reset ba bg-light-gray hover-bg-moon-gray hover-black w-100"
                id="password"
                name="password"
                onChange={[Function]}
                type="password"
              />
            </label>
          </div>
          <div>
            <input
              className="b ph3 pv2 input-reset ba b--black grow pointer f4 dib br3"
              id="signin"
              onClick={[Function]}
              style={
                Object {
                  "backgroundColor": "#41A0BF",
                }
              }
              type="submit"
              value="Sign in"
            />
          </div>
        </fieldset>
      </form>
    </div>
    <h1
      className="mt4 tc"
    >
      - OR -
    </h1>
    <div
      className="flex justify-center"
    >
      <input
        className="b mt3 ph3 pv2 input-reset ba b--black grow pointer f3 br3"
        onClick={[Function]}
        style={
          Object {
            "backgroundColor": "#41A0BF",
          }
        }
        type="submit"
        value="Enter as guest"
      />
    </div>
    <h1
      className="mt4 tc"
    >
      - OR -
    </h1>
    <div
      className="flex justify-center"
    >
      <input
        className="b mt3 ph3 pv2 input-reset ba b--black grow pointer f3 br3"
        onClick={[Function]}
        style={
          Object {
            "backgroundColor": "#41A0BF",
          }
        }
        type="submit"
        value="Enter sandbox"
      />
    </div>
    <div
      className="flex flex-column mt3"
    >
      <p
        className=""
      >
        Signing in as a guest means you can see my progress but will be unable to add any data.
      </p>
      <p>
        Sandbox allows you to play around, but none of your data will be saved.
      </p>
      <p
        className=""
      >
        Registration is currently not an option. It may also never be an option.
      </p>
    </div>
  </main>
</article>
`;
